// Jest Snapshot v1, https://goo.gl/fbAQLP

exports[`utils buildNodeTree should build tree 1`] = `
Object {
  "children": Array [
    Object {
      "children": Array [
        Object {
          "children": Array [
            Object {
              "children": Array [],
              "name": "span",
              "node": <span />,
              "props": Object {
                "testProp": "some prop",
              },
              "state": Object {},
            },
            Object {
              "children": Array [],
              "name": "div",
              "node": <div />,
              "props": Object {
                "testProp": "some prop",
              },
              "state": Object {
                "testState": true,
              },
            },
            Object {
              "children": Array [],
              "name": "div",
              "node": <div />,
              "props": Object {},
              "state": Object {
                "testState": true,
              },
            },
            Object {
              "children": Array [],
              "name": "div",
              "node": <div />,
              "props": Object {},
              "state": Object {
                "testState": true,
              },
            },
          ],
          "name": "div",
          "node": <div />,
          "props": Object {},
          "state": Object {},
        },
      ],
      "name": "TestWrapper",
      "node": Object {
        "child": Object {
          "child": Object {
            "memoizedProps": Object {
              "testProp": "some prop",
            },
            "memoizedState": Object {},
            "sibling": Object {
              "memoizedProps": Object {
                "children": Array [
                  Object {},
                ],
                "testProp": "some prop",
              },
              "memoizedState": Object {
                "testState": true,
              },
              "sibling": Object {
                "memoizedProps": Object {},
                "memoizedState": Object {
                  "testState": true,
                },
                "sibling": Object {
                  "memoizedProps": Object {},
                  "memoizedState": Object {
                    "testState": true,
                  },
                  "stateNode": <div />,
                  "type": "div",
                },
                "stateNode": <div />,
                "type": "div",
              },
              "stateNode": <div />,
              "type": "div",
            },
            "stateNode": <span />,
            "type": "span",
          },
          "memoizedProps": Object {},
          "memoizedState": Object {},
          "stateNode": <div />,
          "type": "div",
        },
        "memoizedProps": Object {
          "myProps": "test prop",
        },
        "memoizedState": Object {
          "baseState": Object {
            "initialized": true,
          },
        },
        "type": [Function],
      },
      "props": Object {
        "myProps": "test prop",
      },
      "state": Object {
        "initialized": true,
      },
    },
  ],
  "name": undefined,
  "node": undefined,
  "props": undefined,
  "state": Object {},
}
`;
